wangzi@wangzi:~/桌面/实验结果/PSA/rgbd_dataset_freiburg3_walking_xyz/ds$ python evaluate_ate.py groundtruth.txt CameraTrajectory.txt --plot 相机轨迹误差1.png
0.237221
wangzi@wangzi:~/桌面/实验结果/PSA/rgbd_dataset_freiburg3_walking_xyz/ds$ python evaluate_ate.py groundtruth.txt CameraTrajectory.txt --verbose
compared_pose_pairs 826 pairs
absolute_translational_error.rmse 0.237221 m
absolute_translational_error.mean 0.220800 m
absolute_translational_error.median 0.216878 m
absolute_translational_error.std 0.086725 m
absolute_translational_error.min 0.036820 m
absolute_translational_error.max 0.414831 m
wangzi@wangzi:~/桌面/实验结果/PSA/rgbd_dataset_freiburg3_walking_xyz/ds$ python evaluate_rpe.py groundtruth.txt CameraTrajectory.txt --plot 相机轨迹误差2.png --fixed_delta
0.04619089965273725
wangzi@wangzi:~/桌面/实验结果/PSA/rgbd_dataset_freiburg3_walking_xyz/ds$ python evaluate_rpe.py groundtruth.txt CameraTrajectory.txt --verbose
compared_pose_pairs 9983 pairs
translational_error.rmse 0.368196 m
translational_error.mean 0.276385 m
translational_error.median 0.141176 m
translational_error.std 0.243269 m
translational_error.min 0.000000 m
translational_error.max 0.662386 m
rotational_error.rmse 7.057708 deg
rotational_error.mean 5.279541 deg
rotational_error.median 2.422768 deg
rotational_error.std 4.683770 deg
rotational_error.min 0.000000 deg
rotational_error.max 13.001811 deg
wangzi@wangzi:~/桌面/实验结果/PSA/rgbd_dataset_freiburg3_walking_xyz/ds$ python evaluate_ate.py groundtruth.txt KeyFrameTrajectory.txt --plot 关键帧轨迹误差3.png
0.238478
wangzi@wangzi:~/桌面/实验结果/PSA/rgbd_dataset_freiburg3_walking_xyz/ds$ python evaluate_ate.py groundtruth.txt KeyFrameTrajectory.txt --verbose
compared_pose_pairs 68 pairs
absolute_translational_error.rmse 0.238478 m
absolute_translational_error.mean 0.223536 m
absolute_translational_error.median 0.209339 m
absolute_translational_error.std 0.083087 m
absolute_translational_error.min 0.074159 m
absolute_translational_error.max 0.400389 m
wangzi@wangzi:~/桌面/实验结果/PSA/rgbd_dataset_freiburg3_walking_xyz/ds$ python evaluate_rpe.py groundtruth.txt KeyFrameTrajectory.txt --plot 关键帧轨迹误差4.png --fixed_delta
0.07519431170526962
wangzi@wangzi:~/桌面/实验结果/PSA/rgbd_dataset_freiburg3_walking_xyz/ds$ python evaluate_rpe.py groundtruth.txt KeyFrameTrajectory.txt --verbose
compared_pose_pairs 4624 pairs
translational_error.rmse 0.360963 m
translational_error.mean 0.277271 m
translational_error.median 0.243112 m
translational_error.std 0.231117 m
translational_error.min 0.000000 m
translational_error.max 0.657110 m
rotational_error.rmse 6.941143 deg
rotational_error.mean 5.323671 deg
rotational_error.median 4.469385 deg
rotational_error.std 4.453987 deg
rotational_error.min 0.000000 deg
rotational_error.max 12.235618 deg

