wangzi@wangzi:~/桌面/实验结果/PSA/rgbd_dataset_freiburg3_walking_static/YOLO$ python evaluate_ate.py groundtruth.txt CameraTrajectory.txt --plot 相机轨迹误差1.png
0.006915
wangzi@wangzi:~/桌面/实验结果/PSA/rgbd_dataset_freiburg3_walking_static/YOLO$ python evaluate_ate.py groundtruth.txt CameraTrajectory.txt --verbose
compared_pose_pairs 714 pairs
absolute_translational_error.rmse 0.006915 m
absolute_translational_error.mean 0.006061 m
absolute_translational_error.median 0.005404 m
absolute_translational_error.std 0.003328 m
absolute_translational_error.min 0.000323 m
absolute_translational_error.max 0.030621 m
wangzi@wangzi:~/桌面/实验结果/PSA/rgbd_dataset_freiburg3_walking_static/YOLO$ python evaluate_rpe.py groundtruth.txt CameraTrajectory.txt --plot 相机轨迹误差2.png --fixed_delta
0.008053205561942814
wangzi@wangzi:~/桌面/实验结果/PSA/rgbd_dataset_freiburg3_walking_static/YOLO$ python evaluate_rpe.py groundtruth.txt CameraTrajectory.txt --verbose
compared_pose_pairs 9922 pairs
translational_error.rmse 0.009851 m
translational_error.mean 0.008759 m
translational_error.median 0.008053 m
translational_error.std 0.004508 m
translational_error.min 0.000000 m
translational_error.max 0.038560 m
rotational_error.rmse 0.280920 deg
rotational_error.mean 0.253411 deg
rotational_error.median 0.236918 deg
rotational_error.std 0.121240 deg
rotational_error.min 0.000000 deg
rotational_error.max 0.860824 deg
wangzi@wangzi:~/桌面/实验结果/PSA/rgbd_dataset_freiburg3_walking_static/YOLO$ python evaluate_ate.py groundtruth.txt KeyFrameTrajectory.txt --plot 关键帧轨迹误 差3.png
0.005668
wangzi@wangzi:~/桌面/实验结果/PSA/rgbd_dataset_freiburg3_walking_static/YOLO$ python evaluate_ate.py groundtruth.txt KeyFrameTrajectory.txt --verbose
compared_pose_pairs 32 pairs
absolute_translational_error.rmse 0.005668 m
absolute_translational_error.mean 0.005089 m
absolute_translational_error.median 0.004566 m
absolute_translational_error.std 0.002496 m
absolute_translational_error.min 0.000695 m
absolute_translational_error.max 0.011680 m
wangzi@wangzi:~/桌面/实验结果/PSA/rgbd_dataset_freiburg3_walking_static/YOLO$ python evaluate_rpe.py groundtruth.txt KeyFrameTrajectory.txt --plot 关键帧轨迹误 差4.png --fixed_delta
0.007434261618303127
wangzi@wangzi:~/桌面/实验结果/PSA/rgbd_dataset_freiburg3_walking_static/YOLO$ python evaluate_rpe.py groundtruth.txt KeyFrameTrajectory.txt --verbose
compared_pose_pairs 1024 pairs
translational_error.rmse 0.008504 m
translational_error.mean 0.007683 m
translational_error.median 0.007478 m
translational_error.std 0.003645 m
translational_error.min 0.000000 m
translational_error.max 0.019197 m
rotational_error.rmse 0.243903 deg
rotational_error.mean 0.220564 deg
rotational_error.median 0.220228 deg
rotational_error.std 0.104118 deg
rotational_error.min 0.000000 deg
rotational_error.max 0.565034 deg

