wangzi@wangzi:~/桌面/实验结果/PSA/rgbd_dataset_freiburg3_walking_rpy/YOLO$ python evaluate_ate.py groundtruth.txt CameraTrajectory.txt --plot 相机轨迹误差1.png
0.027179
wangzi@wangzi:~/桌面/实验结果/PSA/rgbd_dataset_freiburg3_walking_rpy/YOLO$ python evaluate_ate.py groundtruth.txt CameraTrajectory.txt --verbose
compared_pose_pairs 452 pairs
absolute_translational_error.rmse 0.027179 m
absolute_translational_error.mean 0.019765 m
absolute_translational_error.median 0.015243 m
absolute_translational_error.std 0.018657 m
absolute_translational_error.min 0.000205 m
absolute_translational_error.max 0.220360 m
wangzi@wangzi:~/桌面/实验结果/PSA/rgbd_dataset_freiburg3_walking_rpy/YOLO$ python evaluate_rpe.py groundtruth.txt CameraTrajectory.txt --plot 相机轨迹误差2.png --fixed_delta
0.03002297914451583
wangzi@wangzi:~/桌面/实验结果/PSA/rgbd_dataset_freiburg3_walking_rpy/YOLO$ python evaluate_rpe.py groundtruth.txt CameraTrajectory.txt --verbose
compared_pose_pairs 9916 pairs
translational_error.rmse 0.037530 m
translational_error.mean 0.029655 m
translational_error.median 0.024682 m
translational_error.std 0.023001 m
translational_error.min 0.000000 m
translational_error.max 0.268621 m
rotational_error.rmse 0.925598 deg
rotational_error.mean 0.746176 deg
rotational_error.median 0.644110 deg
rotational_error.std 0.547680 deg
rotational_error.min 0.000000 deg
rotational_error.max 6.668611 deg
wangzi@wangzi:~/桌面/实验结果/PSA/rgbd_dataset_freiburg3_walking_rpy/YOLO$ python evaluate_ate.py groundtruth.txt KeyFrameTrajectory.txt --plot 关键帧轨迹误差3.png
0.043786
wangzi@wangzi:~/桌面/实验结果/PSA/rgbd_dataset_freiburg3_walking_rpy/YOLO$ python evaluate_ate.py groundtruth.txt KeyFrameTrajectory.txt --verbose
compared_pose_pairs 50 pairs
absolute_translational_error.rmse 0.043786 m
absolute_translational_error.mean 0.029339 m
absolute_translational_error.median 0.022271 m
absolute_translational_error.std 0.032502 m
absolute_translational_error.min 0.003549 m
absolute_translational_error.max 0.217317 m
wangzi@wangzi:~/桌面/实验结果/PSA/rgbd_dataset_freiburg3_walking_rpy/YOLO$ python evaluate_rpe.py groundtruth.txt KeyFrameTrajectory.txt --plot 关键帧轨迹误差4.png --fixed_delta
0.04629294308819179
wangzi@wangzi:~/桌面/实验结果/PSA/rgbd_dataset_freiburg3_walking_rpy/YOLO$ python evaluate_rpe.py groundtruth.txt KeyFrameTrajectory.txt --verbose
compared_pose_pairs 2500 pairs
translational_error.rmse 0.062001 m
translational_error.mean 0.043897 m
translational_error.median 0.032107 m
translational_error.std 0.043785 m
translational_error.min 0.000000 m
translational_error.max 0.294268 m
rotational_error.rmse 1.429107 deg
rotational_error.mean 0.999874 deg
rotational_error.median 0.774529 deg
rotational_error.std 1.021077 deg
rotational_error.min 0.000000 deg
rotational_error.max 6.752434 deg

