wangzi@wangzi:~/桌面/实验结果/PSA/rgbd_dataset_freiburg3_walking_xyz/YOLO$ python evaluate_ate.py groundtruth.txt CameraTrajectory.txt --plot 相机轨迹误差1.png
0.016138
wangzi@wangzi:~/桌面/实验结果/PSA/rgbd_dataset_freiburg3_walking_xyz/YOLO$ python evaluate_ate.py groundtruth.txt CameraTrajectory.txt --verbose
compared_pose_pairs 826 pairs
absolute_translational_error.rmse 0.016138 m
absolute_translational_error.mean 0.013997 m
absolute_translational_error.median 0.012433 m
absolute_translational_error.std 0.008033 m
absolute_translational_error.min 0.000771 m
absolute_translational_error.max 0.062957 m
wangzi@wangzi:~/桌面/实验结果/PSA/rgbd_dataset_freiburg3_walking_xyz/YOLO$ python evaluate_rpe.py groundtruth.txt CameraTrajectory.txt --plot 相机轨迹误差2.png --fixed_delta
0.018304104284792608
wangzi@wangzi:~/桌面/实验结果/PSA/rgbd_dataset_freiburg3_walking_xyz/YOLO$ python evaluate_rpe.py groundtruth.txt CameraTrajectory.txt --verbose
compared_pose_pairs 9983 pairs
translational_error.rmse 0.023067 m
translational_error.mean 0.020467 m
translational_error.median 0.018829 m
translational_error.std 0.010640 m
translational_error.min 0.000000 m
translational_error.max 0.085159 m
rotational_error.rmse 0.650952 deg
rotational_error.mean 0.515953 deg
rotational_error.median 0.442442 deg
rotational_error.std 0.396902 deg
rotational_error.min 0.000000 deg
rotational_error.max 6.315950 deg
wangzi@wangzi:~/桌面/实验结果/PSA/rgbd_dataset_freiburg3_walking_xyz/YOLO$ python evaluate_ate.py groundtruth.txt KeyFrameTrajectory.txt --plot 关键帧轨迹误差3.png
0.020483
wangzi@wangzi:~/桌面/实验结果/PSA/rgbd_dataset_freiburg3_walking_xyz/YOLO$ python evaluate_ate.py groundtruth.txt KeyFrameTrajectory.txt --verbose
compared_pose_pairs 59 pairs
absolute_translational_error.rmse 0.020483 m
absolute_translational_error.mean 0.017455 m
absolute_translational_error.median 0.014431 m
absolute_translational_error.std 0.010717 m
absolute_translational_error.min 0.002766 m
absolute_translational_error.max 0.048449 m
wangzi@wangzi:~/桌面/实验结果/PSA/rgbd_dataset_freiburg3_walking_xyz/YOLO$ python evaluate_rpe.py groundtruth.txt KeyFrameTrajectory.txt --plot 关键帧轨迹误差4.png --fixed_delta
0.022210788062215107
wangzi@wangzi:~/桌面/实验结果/PSA/rgbd_dataset_freiburg3_walking_xyz/YOLO$ python evaluate_rpe.py groundtruth.txt KeyFrameTrajectory.txt --verbose
compared_pose_pairs 3481 pairs
translational_error.rmse 0.030105 m
translational_error.mean 0.026055 m
translational_error.median 0.023998 m
translational_error.std 0.015080 m
translational_error.min 0.000000 m
translational_error.max 0.107601 m
rotational_error.rmse 1.271779 deg
rotational_error.mean 0.817881 deg
rotational_error.median 0.597449 deg
rotational_error.std 0.973905 deg
rotational_error.min 0.000000 deg
rotational_error.max 6.991456 deg
