wangzi@wangzi:~/桌面/实验结果/PSA/rgbd_dataset_freiburg3_walking_static/PSANET
$ python evaluate_ate.py groundtruth.txt CameraTrajectory.txt --plot 相机轨迹误差1
.png
0.007405
wangzi@wangzi:~/桌面/实验结果/PSA/rgbd_dataset_freiburg3_walking_static/PSANET
$ python evaluate_ate.py groundtruth.txt CameraTrajectory.txt --verbose
compared_pose_pairs 714 pairs
absolute_translational_error.rmse 0.007405 m
absolute_translational_error.mean 0.006388 m
absolute_translational_error.median 0.005563 m
absolute_translational_error.std 0.003745 m
absolute_translational_error.min 0.000271 m
absolute_translational_error.max 0.026192 m
wangzi@wangzi:~/桌面/实验结果/PSA/rgbd_dataset_freiburg3_walking_static/PSANET
$ python evaluate_rpe.py groundtruth.txt CameraTrajectory.txt --plot 相机轨迹误差2
.png --fixed_delta
0.008710634204102796
wangzi@wangzi:~/桌面/实验结果/PSA/rgbd_dataset_freiburg3_walking_static/PSANET
$ python evaluate_rpe.py groundtruth.txt CameraTrajectory.txt --verbose
compared_pose_pairs 9922 pairs
translational_error.rmse 0.010540 m
translational_error.mean 0.009372 m
translational_error.median 0.008550 m
translational_error.std 0.004822 m
translational_error.min 0.000000 m
translational_error.max 0.034169 m
rotational_error.rmse 0.281618 deg
rotational_error.mean 0.254345 deg
rotational_error.median 0.238230 deg
rotational_error.std 0.120900 deg
rotational_error.min 0.000000 deg
rotational_error.max 0.868909 deg
wangzi@wangzi:~/桌面/实验结果/PSA/rgbd_dataset_freiburg3_walking_static/PSANET
$ python evaluate_ate.py groundtruth.txt KeyFrameTrajectory.txt --plot 关键帧轨迹 
误差3.png
0.006793
wangzi@wangzi:~/桌面/实验结果/PSA/rgbd_dataset_freiburg3_walking_static/PSANET
$ python evaluate_ate.py groundtruth.txt KeyFrameTrajectory.txt --verbose
compared_pose_pairs 28 pairs
absolute_translational_error.rmse 0.006793 m
absolute_translational_error.mean 0.005589 m
absolute_translational_error.median 0.004697 m
absolute_translational_error.std 0.003862 m
absolute_translational_error.min 0.001004 m
absolute_translational_error.max 0.015829 m
wangzi@wangzi:~/桌面/实验结果/PSA/rgbd_dataset_freiburg3_walking_static/PSANET
$ python evaluate_rpe.py groundtruth.txt KeyFrameTrajectory.txt --plot 关键帧轨迹 
误差4.png --fixed_delta
0.006050025219624376
wangzi@wangzi:~/桌面/实验结果/PSA/rgbd_dataset_freiburg3_walking_static/PSANET
$ python evaluate_rpe.py groundtruth.txt KeyFrameTrajectory.txt --verbose
compared_pose_pairs 784 pairs
translational_error.rmse 0.010240 m
translational_error.mean 0.008956 m
translational_error.median 0.008379 m
translational_error.std 0.004965 m
translational_error.min 0.000000 m
translational_error.max 0.022503 m
rotational_error.rmse 0.293567 deg
rotational_error.mean 0.253033 deg
rotational_error.median 0.232241 deg
rotational_error.std 0.148849 deg
rotational_error.min 0.000000 deg
rotational_error.max 0.814307 deg

