wangzi@wangzi:~/桌面/实验结果/PSP/rgbd_dataset_freiburg3_walking_rpy/ORB SLAM2
$ python evaluate_ate.py groundtruth.txt CameraTrajectory.txt --plot 相机轨迹误差1
.png
0.542984
wangzi@wangzi:~/桌面/实验结果/PSP/rgbd_dataset_freiburg3_walking_rpy/ORB SLAM2
$ python evaluate_ate.py groundtruth.txt CameraTrajectory.txt --verbose
compared_pose_pairs 864 pairs
absolute_translational_error.rmse 0.542984 m
absolute_translational_error.mean 0.495489 m
absolute_translational_error.median 0.426827 m
absolute_translational_error.std 0.222087 m
absolute_translational_error.min 0.029306 m
absolute_translational_error.max 1.055071 m
wangzi@wangzi:~/桌面/实验结果/PSP/rgbd_dataset_freiburg3_walking_rpy/ORB SLAM2
$ python evaluate_rpe.py groundtruth.txt CameraTrajectory.txt --plot 相机轨迹误差2
.png --fixed_delta
0.2233702649691393
wangzi@wangzi:~/桌面/实验结果/PSP/rgbd_dataset_freiburg3_walking_rpy/ORB SLAM2
$ python evaluate_rpe.py groundtruth.txt CameraTrajectory.txt --verbose
compared_pose_pairs 9958 pairs
translational_error.rmse 0.774300 m
translational_error.mean 0.663422 m
translational_error.median 0.632499 m
translational_error.std 0.399264 m
translational_error.min 0.000000 m
translational_error.max 2.096499 m
rotational_error.rmse 13.221049 deg
rotational_error.mean 10.727854 deg
rotational_error.median 9.176264 deg
rotational_error.std 7.727178 deg
rotational_error.min 0.000000 deg
rotational_error.max 41.037636 deg
wangzi@wangzi:~/桌面/实验结果/PSP/rgbd_dataset_freiburg3_walking_rpy/ORB SLAM2
$ python evaluate_ate.py groundtruth.txt KeyFrameTrajectory.txt --plot 关键帧轨迹 
误差3.png
0.579354
wangzi@wangzi:~/桌面/实验结果/PSP/rgbd_dataset_freiburg3_walking_rpy/ORB SLAM2
$ python evaluate_ate.py groundtruth.txt KeyFrameTrajectory.txt --verbose
compared_pose_pairs 366 pairs
absolute_translational_error.rmse 0.579354 m
absolute_translational_error.mean 0.496842 m
absolute_translational_error.median 0.488543 m
absolute_translational_error.std 0.297992 m
absolute_translational_error.min 0.045803 m
absolute_translational_error.max 1.117215 m
wangzi@wangzi:~/桌面/实验结果/PSP/rgbd_dataset_freiburg3_walking_rpy/ORB SLAM2
$ python evaluate_rpe.py groundtruth.txt KeyFrameTrajectory.txt --plot 关键帧轨迹 
误差4.png --fixed_delta
0.28526630760789756
wangzi@wangzi:~/桌面/实验结果/PSP/rgbd_dataset_freiburg3_walking_rpy/ORB SLAM2
$ python evaluate_rpe.py groundtruth.txt KeyFrameTrajectory.txt --verbose
compared_pose_pairs 9955 pairs
translational_error.rmse 0.833256 m
translational_error.mean 0.709463 m
translational_error.median 0.647781 m
translational_error.std 0.437010 m
translational_error.min 0.000000 m
translational_error.max 2.086878 m
rotational_error.rmse 14.777021 deg
rotational_error.mean 11.993526 deg
rotational_error.median 9.915283 deg
rotational_error.std 8.632246 deg
rotational_error.min 0.000000 deg
rotational_error.max 41.139864 deg

